<?xml version="1.0" encoding="UTF-8"?>
<TestRun id="3ef80443-1cd9-4739-9d6f-8cfd1716d7bf" name="Bob@WOMBAT 2011-09-24 19:37:50" runUser="Wombat\Bob" xmlns="http://microsoft.com/schemas/VisualStudio/TeamTest/2010">
  <TestSettings name="Local" id="3832839d-5ba1-4dfb-ac58-71c3202ca258">
    <Description>These are default test settings for a local test run.</Description>
    <Deployment enabled="false" runDeploymentRoot="Bob_WOMBAT 2011-09-24 19_37_50">
      <DeploymentItem filename="C:\TFS\Projects\Sandbox\DinosaursWithLasers\DinosaursWithLasers.Tasks\bin\Debug\DinosaursWithLasers.Tasks.dll" />
      <DeploymentItem filename="C:\TFS\Libraries\NHibernate\Iesi.Collections.dll" />
      <DeploymentItem filename="C:\TFS\Projects\Sandbox\DinosaursWithLasers\DinosaursWithLasers.Repository\bin\Debug\DinosaursWithLasers.Repository.dll" />
      <DeploymentItem filename="C:\TFS\Projects\Sandbox\DinosaursWithLasers\DinosaursWithLasers.Persistence\bin\Debug\DinosaursWithLasers.Persistence.dll" />
      <DeploymentItem filename="C:\TFS\Projects\Sandbox\DinosaursWithLasers\DinosaursWithLasers.Model\bin\Debug\DinosaursWithLasers.Model.dll" />
      <DeploymentItem filename="C:\TFS\Libraries\NHibernate\NHibernate.dll" />
      <DeploymentItem filename="C:\TFS\Projects\Sandbox\DinosaursWithLasers\DinosaursWithLasers.Utilities\bin\Debug\DinosaursWithLasers.Utilities.dll" />
    </Deployment>
    <Execution>
      <TestTypeSpecific />
      <AgentRule name="Execution Agents">
      </AgentRule>
    </Execution>
  </TestSettings>
  <Times creation="2011-09-24T19:37:50.0410842-04:00" queuing="2011-09-24T19:37:52.7866890-04:00" start="2011-09-24T19:37:52.9270893-04:00" finish="2011-09-24T19:38:00.1187019-04:00" />
  <ResultSummary outcome="Completed">
    <Counters total="5" executed="5" passed="5" error="0" failed="0" timeout="0" aborted="0" inconclusive="0" passedButRunAborted="0" notRunnable="0" notExecuted="0" disconnected="0" warning="0" completed="0" inProgress="0" pending="0" />
  </ResultSummary>
  <TestDefinitions>
    <UnitTest name="Should_be_able_to_delete_a_dinosaur" storage="c:\tfs\projects\sandbox\dinosaurswithlasers\dinosaurswithlasers.tests.persistence\bin\debug\dinosaurswithlasers.tests.persistence.dll" id="995fe0b6-05b2-aa83-d7e5-f1ea85a37a7b">
      <Execution id="b7c56d63-b1ab-43e0-8f33-5074abbc05bd" />
      <TestMethod codeBase="C:/TFS/Projects/Sandbox/DinosaursWithLasers/DinosaursWithLasers.Tests.Persistence/bin/Debug/DinosaursWithLasers.Tests.Persistence.DLL" adapterTypeName="Microsoft.VisualStudio.TestTools.TestTypes.Unit.UnitTestAdapter, Microsoft.VisualStudio.QualityTools.Tips.UnitTest.Adapter, Version=10.0.0.0, Culture=neutral, PublicKeyToken=b03f5f7f11d50a3a" className="DinosaursWithLasers.Tests.Persistence.When_Persisting_Dinosaurs, DinosaursWithLasers.Tests.Persistence, Version=1.0.0.0, Culture=neutral, PublicKeyToken=null" name="Should_be_able_to_delete_a_dinosaur" />
    </UnitTest>
    <UnitTest name="Should_be_able_to_get_a_list_of_dinosaurs" storage="c:\tfs\projects\sandbox\dinosaurswithlasers\dinosaurswithlasers.tests.tasks\bin\debug\dinosaurswithlasers.tests.tasks.dll" id="67c0da98-ffcf-200b-b3fa-c5f407e0ef8d">
      <Execution id="396c7ca8-d708-48ce-9ceb-181fbe88c246" />
      <TestMethod codeBase="C:/TFS/Projects/Sandbox/DinosaursWithLasers/DinosaursWithLasers.Tests.Tasks/bin/Debug/DinosaursWithLasers.Tests.Tasks.DLL" adapterTypeName="Microsoft.VisualStudio.TestTools.TestTypes.Unit.UnitTestAdapter, Microsoft.VisualStudio.QualityTools.Tips.UnitTest.Adapter, Version=10.0.0.0, Culture=neutral, PublicKeyToken=b03f5f7f11d50a3a" className="DinosaursWithLasers.Tests.Tasks.When_working_with_Dinosaurs, DinosaursWithLasers.Tests.Tasks, Version=1.0.0.0, Culture=neutral, PublicKeyToken=null" name="Should_be_able_to_get_a_list_of_dinosaurs" />
    </UnitTest>
    <UnitTest name="Should_be_able_to_change_a_dinosaur" storage="c:\tfs\projects\sandbox\dinosaurswithlasers\dinosaurswithlasers.tests.persistence\bin\debug\dinosaurswithlasers.tests.persistence.dll" id="afabcb96-071e-e508-0453-f1a6f86d79d0">
      <Execution id="112c5739-990f-4a21-a8a2-5b3887b6e8cc" />
      <TestMethod codeBase="C:/TFS/Projects/Sandbox/DinosaursWithLasers/DinosaursWithLasers.Tests.Persistence/bin/Debug/DinosaursWithLasers.Tests.Persistence.DLL" adapterTypeName="Microsoft.VisualStudio.TestTools.TestTypes.Unit.UnitTestAdapter, Microsoft.VisualStudio.QualityTools.Tips.UnitTest.Adapter, Version=10.0.0.0, Culture=neutral, PublicKeyToken=b03f5f7f11d50a3a" className="DinosaursWithLasers.Tests.Persistence.When_Persisting_Dinosaurs, DinosaursWithLasers.Tests.Persistence, Version=1.0.0.0, Culture=neutral, PublicKeyToken=null" name="Should_be_able_to_change_a_dinosaur" />
    </UnitTest>
    <UnitTest name="Should_be_able_to_create_a_dinosaur" storage="c:\tfs\projects\sandbox\dinosaurswithlasers\dinosaurswithlasers.tests.persistence\bin\debug\dinosaurswithlasers.tests.persistence.dll" id="1b04369b-9623-111b-6a46-dac1ab823a02">
      <Execution id="a16bb4f8-d48d-4e9b-bfa8-798f29a212ea" />
      <TestMethod codeBase="C:/TFS/Projects/Sandbox/DinosaursWithLasers/DinosaursWithLasers.Tests.Persistence/bin/Debug/DinosaursWithLasers.Tests.Persistence.DLL" adapterTypeName="Microsoft.VisualStudio.TestTools.TestTypes.Unit.UnitTestAdapter, Microsoft.VisualStudio.QualityTools.Tips.UnitTest.Adapter, Version=10.0.0.0, Culture=neutral, PublicKeyToken=b03f5f7f11d50a3a" className="DinosaursWithLasers.Tests.Persistence.When_Persisting_Dinosaurs, DinosaursWithLasers.Tests.Persistence, Version=1.0.0.0, Culture=neutral, PublicKeyToken=null" name="Should_be_able_to_create_a_dinosaur" />
    </UnitTest>
    <UnitTest name="Should_be_able_to_get_dinosaur_riders" storage="c:\tfs\projects\sandbox\dinosaurswithlasers\dinosaurswithlasers.tests.persistence\bin\debug\dinosaurswithlasers.tests.persistence.dll" id="60573037-4e64-a814-64ce-c6f00361d7c4">
      <Execution id="5ceaf097-14cc-439f-b2e8-3954dee402d7" />
      <TestMethod codeBase="C:/TFS/Projects/Sandbox/DinosaursWithLasers/DinosaursWithLasers.Tests.Persistence/bin/Debug/DinosaursWithLasers.Tests.Persistence.DLL" adapterTypeName="Microsoft.VisualStudio.TestTools.TestTypes.Unit.UnitTestAdapter, Microsoft.VisualStudio.QualityTools.Tips.UnitTest.Adapter, Version=10.0.0.0, Culture=neutral, PublicKeyToken=b03f5f7f11d50a3a" className="DinosaursWithLasers.Tests.Persistence.When_Persisting_Dinosaurs, DinosaursWithLasers.Tests.Persistence, Version=1.0.0.0, Culture=neutral, PublicKeyToken=null" name="Should_be_able_to_get_dinosaur_riders" />
    </UnitTest>
  </TestDefinitions>
  <TestLists>
    <TestList name="Results Not in a List" id="8c84fa94-04c1-424b-9868-57a2d4851a1d" />
    <TestList name="All Loaded Results" id="19431567-8539-422a-85d7-44ee4e166bda" />
  </TestLists>
  <TestEntries>
    <TestEntry testId="1b04369b-9623-111b-6a46-dac1ab823a02" executionId="a16bb4f8-d48d-4e9b-bfa8-798f29a212ea" testListId="8c84fa94-04c1-424b-9868-57a2d4851a1d" />
    <TestEntry testId="60573037-4e64-a814-64ce-c6f00361d7c4" executionId="5ceaf097-14cc-439f-b2e8-3954dee402d7" testListId="8c84fa94-04c1-424b-9868-57a2d4851a1d" />
    <TestEntry testId="67c0da98-ffcf-200b-b3fa-c5f407e0ef8d" executionId="396c7ca8-d708-48ce-9ceb-181fbe88c246" testListId="8c84fa94-04c1-424b-9868-57a2d4851a1d" />
    <TestEntry testId="995fe0b6-05b2-aa83-d7e5-f1ea85a37a7b" executionId="b7c56d63-b1ab-43e0-8f33-5074abbc05bd" testListId="8c84fa94-04c1-424b-9868-57a2d4851a1d" />
    <TestEntry testId="afabcb96-071e-e508-0453-f1a6f86d79d0" executionId="112c5739-990f-4a21-a8a2-5b3887b6e8cc" testListId="8c84fa94-04c1-424b-9868-57a2d4851a1d" />
  </TestEntries>
  <Results>
    <UnitTestResult executionId="a16bb4f8-d48d-4e9b-bfa8-798f29a212ea" testId="1b04369b-9623-111b-6a46-dac1ab823a02" testName="Should_be_able_to_create_a_dinosaur" computerName="WOMBAT" duration="00:00:02.7830840" startTime="2011-09-24T19:37:52.9738894-04:00" endTime="2011-09-24T19:37:56.1250949-04:00" testType="13cdc9d9-ddb5-4fa4-a97d-d965ccfc6d4b" outcome="Passed" testListId="8c84fa94-04c1-424b-9868-57a2d4851a1d" relativeResultsDirectory="a16bb4f8-d48d-4e9b-bfa8-798f29a212ea">
      <Output>
        <StdOut>NHibernate: 
    select
        next_hi 
    from
        hibernate_unique_key with (updlock,
        rowlock)
NHibernate: 
    update
        hibernate_unique_key 
    set
        next_hi = @p0 
    where
        next_hi = @p1;
    @p0 = 5 [Type: Int32 (0)], @p1 = 4 [Type: Int32 (0)]
NHibernate: 
    SELECT
        this_.DinosaurId as DinosaurId0_0_,
        this_.Name as Name0_0_,
        this_.FigImageUrl as FigImage3_0_0_,
        this_.BoxImageUrl as BoxImage4_0_0_,
        this_.ThumbImageUrl as ThumbIma5_0_0_,
        this_.Description as Descript6_0_0_ 
    FROM
        Dinosaurs this_ 
    WHERE
        this_.Name = @p0;
    @p0 = 'TestDinosaur' [Type: String (4000)]</StdOut>
      </Output>
    </UnitTestResult>
    <UnitTestResult executionId="5ceaf097-14cc-439f-b2e8-3954dee402d7" testId="60573037-4e64-a814-64ce-c6f00361d7c4" testName="Should_be_able_to_get_dinosaur_riders" computerName="WOMBAT" duration="00:00:00.0942927" startTime="2011-09-24T19:37:56.1250949-04:00" endTime="2011-09-24T19:37:56.2342951-04:00" testType="13cdc9d9-ddb5-4fa4-a97d-d965ccfc6d4b" outcome="Passed" testListId="8c84fa94-04c1-424b-9868-57a2d4851a1d" relativeResultsDirectory="5ceaf097-14cc-439f-b2e8-3954dee402d7">
      <Output>
        <StdOut>NHibernate: 
    SELECT
        this_.DinosaurId as DinosaurId0_0_,
        this_.Name as Name0_0_,
        this_.FigImageUrl as FigImage3_0_0_,
        this_.BoxImageUrl as BoxImage4_0_0_,
        this_.ThumbImageUrl as ThumbIma5_0_0_,
        this_.Description as Descript6_0_0_ 
    FROM
        Dinosaurs this_ 
    WHERE
        this_.Name = @p0;
    @p0 = 'Tyrannosaurus Rex' [Type: String (4000)]
NHibernate: 
    SELECT
        riders0_.DinosaurId as DinosaurId1_,
        riders0_.RiderId as RiderId1_,
        riders0_.RiderId as RiderId2_0_,
        riders0_.Name as Name2_0_ 
    FROM
        Riders riders0_ 
    WHERE
        riders0_.DinosaurId=@p0;
    @p0 = 32768 [Type: Int32 (0)]
NHibernate: 
    SELECT
        categories0_.DinosaurId as DinosaurId1_,
        categories0_.CategoryId as CategoryId1_,
        categories0_.id as id1_,
        category1_.CategoryId as CategoryId3_0_,
        category1_.Name as Name3_0_ 
    FROM
        DinosaurCategories categories0_ 
    left outer join
        Categories category1_ 
            on categories0_.CategoryId=category1_.CategoryId 
    WHERE
        categories0_.DinosaurId=@p0;
    @p0 = 32768 [Type: Int32 (0)]
NHibernate: 
    SELECT
        category0_.CategoryId as CategoryId3_0_,
        category0_.Name as Name3_0_ 
    FROM
        Categories category0_ 
    WHERE
        category0_.CategoryId=@p0;
    @p0 = 'Rul' [Type: String (4000)]</StdOut>
      </Output>
    </UnitTestResult>
    <UnitTestResult executionId="396c7ca8-d708-48ce-9ceb-181fbe88c246" testId="67c0da98-ffcf-200b-b3fa-c5f407e0ef8d" testName="Should_be_able_to_get_a_list_of_dinosaurs" computerName="WOMBAT" duration="00:00:01.9682500" startTime="2011-09-24T19:37:56.2342951-04:00" endTime="2011-09-24T19:37:58.4182989-04:00" testType="13cdc9d9-ddb5-4fa4-a97d-d965ccfc6d4b" outcome="Passed" testListId="8c84fa94-04c1-424b-9868-57a2d4851a1d" relativeResultsDirectory="396c7ca8-d708-48ce-9ceb-181fbe88c246">
      <Output>
        <StdOut>NHibernate: 
    SELECT
        this_.DinosaurId as DinosaurId0_1_,
        this_.Name as Name0_1_,
        this_.FigImageUrl as FigImage3_0_1_,
        this_.BoxImageUrl as BoxImage4_0_1_,
        this_.ThumbImageUrl as ThumbIma5_0_1_,
        this_.Description as Descript6_0_1_,
        categories3_.DinosaurId as DinosaurId,
        category1_.CategoryId as CategoryId,
        categories3_.id as id,
        category1_.CategoryId as CategoryId3_0_,
        category1_.Name as Name3_0_ 
    FROM
        Dinosaurs this_ 
    inner join
        DinosaurCategories categories3_ 
            on this_.DinosaurId=categories3_.DinosaurId 
    inner join
        Categories category1_ 
            on categories3_.CategoryId=category1_.CategoryId 
    WHERE
        category1_.CategoryId = @p0;
    @p0 = 'S1' [Type: String (4000)]
NHibernate: 
    SELECT
        riders0_.DinosaurId as DinosaurId1_,
        riders0_.RiderId as RiderId1_,
        riders0_.RiderId as RiderId2_0_,
        riders0_.Name as Name2_0_ 
    FROM
        Riders riders0_ 
    WHERE
        riders0_.DinosaurId=@p0;
    @p0 = 32779 [Type: Int32 (0)]
NHibernate: 
    SELECT
        categories0_.DinosaurId as DinosaurId1_,
        categories0_.CategoryId as CategoryId1_,
        categories0_.id as id1_,
        category1_.CategoryId as CategoryId3_0_,
        category1_.Name as Name3_0_ 
    FROM
        DinosaurCategories categories0_ 
    left outer join
        Categories category1_ 
            on categories0_.CategoryId=category1_.CategoryId 
    WHERE
        categories0_.DinosaurId=@p0;
    @p0 = 32779 [Type: Int32 (0)]
NHibernate: 
    SELECT
        category0_.CategoryId as CategoryId3_0_,
        category0_.Name as Name3_0_ 
    FROM
        Categories category0_ 
    WHERE
        category0_.CategoryId=@p0;
    @p0 = 'Val' [Type: String (4000)]
NHibernate: 
    SELECT
        riders0_.DinosaurId as DinosaurId1_,
        riders0_.RiderId as RiderId1_,
        riders0_.RiderId as RiderId2_0_,
        riders0_.Name as Name2_0_ 
    FROM
        Riders riders0_ 
    WHERE
        riders0_.DinosaurId=@p0;
    @p0 = 32778 [Type: Int32 (0)]
NHibernate: 
    SELECT
        categories0_.DinosaurId as DinosaurId1_,
        categories0_.CategoryId as CategoryId1_,
        categories0_.id as id1_,
        category1_.CategoryId as CategoryId3_0_,
        category1_.Name as Name3_0_ 
    FROM
        DinosaurCategories categories0_ 
    left outer join
        Categories category1_ 
            on categories0_.CategoryId=category1_.CategoryId 
    WHERE
        categories0_.DinosaurId=@p0;
    @p0 = 32778 [Type: Int32 (0)]
NHibernate: 
    SELECT
        riders0_.DinosaurId as DinosaurId1_,
        riders0_.RiderId as RiderId1_,
        riders0_.RiderId as RiderId2_0_,
        riders0_.Name as Name2_0_ 
    FROM
        Riders riders0_ 
    WHERE
        riders0_.DinosaurId=@p0;
    @p0 = 32777 [Type: Int32 (0)]
NHibernate: 
    SELECT
        categories0_.DinosaurId as DinosaurId1_,
        categories0_.CategoryId as CategoryId1_,
        categories0_.id as id1_,
        category1_.CategoryId as CategoryId3_0_,
        category1_.Name as Name3_0_ 
    FROM
        DinosaurCategories categories0_ 
    left outer join
        Categories category1_ 
            on categories0_.CategoryId=category1_.CategoryId 
    WHERE
        categories0_.DinosaurId=@p0;
    @p0 = 32777 [Type: Int32 (0)]
NHibernate: 
    SELECT
        riders0_.DinosaurId as DinosaurId1_,
        riders0_.RiderId as RiderId1_,
        riders0_.RiderId as RiderId2_0_,
        riders0_.Name as Name2_0_ 
    FROM
        Riders riders0_ 
    WHERE
        riders0_.DinosaurId=@p0;
    @p0 = 32776 [Type: Int32 (0)]
NHibernate: 
    SELECT
        categories0_.DinosaurId as DinosaurId1_,
        categories0_.CategoryId as CategoryId1_,
        categories0_.id as id1_,
        category1_.CategoryId as CategoryId3_0_,
        category1_.Name as Name3_0_ 
    FROM
        DinosaurCategories categories0_ 
    left outer join
        Categories category1_ 
            on categories0_.CategoryId=category1_.CategoryId 
    WHERE
        categories0_.DinosaurId=@p0;
    @p0 = 32776 [Type: Int32 (0)]
NHibernate: 
    SELECT
        riders0_.DinosaurId as DinosaurId1_,
        riders0_.RiderId as RiderId1_,
        riders0_.RiderId as RiderId2_0_,
        riders0_.Name as Name2_0_ 
    FROM
        Riders riders0_ 
    WHERE
        riders0_.DinosaurId=@p0;
    @p0 = 32775 [Type: Int32 (0)]
NHibernate: 
    SELECT
        categories0_.DinosaurId as DinosaurId1_,
        categories0_.CategoryId as CategoryId1_,
        categories0_.id as id1_,
        category1_.CategoryId as CategoryId3_0_,
        category1_.Name as Name3_0_ 
    FROM
        DinosaurCategories categories0_ 
    left outer join
        Categories category1_ 
            on categories0_.CategoryId=category1_.CategoryId 
    WHERE
        categories0_.DinosaurId=@p0;
    @p0 = 32775 [Type: Int32 (0)]
NHibernate: 
    SELECT
        riders0_.DinosaurId as DinosaurId1_,
        riders0_.RiderId as RiderId1_,
        riders0_.RiderId as RiderId2_0_,
        riders0_.Name as Name2_0_ 
    FROM
        Riders riders0_ 
    WHERE
        riders0_.DinosaurId=@p0;
    @p0 = 32774 [Type: Int32 (0)]
NHibernate: 
    SELECT
        categories0_.DinosaurId as DinosaurId1_,
        categories0_.CategoryId as CategoryId1_,
        categories0_.id as id1_,
        category1_.CategoryId as CategoryId3_0_,
        category1_.Name as Name3_0_ 
    FROM
        DinosaurCategories categories0_ 
    left outer join
        Categories category1_ 
            on categories0_.CategoryId=category1_.CategoryId 
    WHERE
        categories0_.DinosaurId=@p0;
    @p0 = 32774 [Type: Int32 (0)]
NHibernate: 
    SELECT
        riders0_.DinosaurId as DinosaurId1_,
        riders0_.RiderId as RiderId1_,
        riders0_.RiderId as RiderId2_0_,
        riders0_.Name as Name2_0_ 
    FROM
        Riders riders0_ 
    WHERE
        riders0_.DinosaurId=@p0;
    @p0 = 32773 [Type: Int32 (0)]
NHibernate: 
    SELECT
        categories0_.DinosaurId as DinosaurId1_,
        categories0_.CategoryId as CategoryId1_,
        categories0_.id as id1_,
        category1_.CategoryId as CategoryId3_0_,
        category1_.Name as Name3_0_ 
    FROM
        DinosaurCategories categories0_ 
    left outer join
        Categories category1_ 
            on categories0_.CategoryId=category1_.CategoryId 
    WHERE
        categories0_.DinosaurId=@p0;
    @p0 = 32773 [Type: Int32 (0)]
NHibernate: 
    SELECT
        category0_.CategoryId as CategoryId3_0_,
        category0_.Name as Name3_0_ 
    FROM
        Categories category0_ 
    WHERE
        category0_.CategoryId=@p0;
    @p0 = 'Rul' [Type: String (4000)]
NHibernate: 
    SELECT
        riders0_.DinosaurId as DinosaurId1_,
        riders0_.RiderId as RiderId1_,
        riders0_.RiderId as RiderId2_0_,
        riders0_.Name as Name2_0_ 
    FROM
        Riders riders0_ 
    WHERE
        riders0_.DinosaurId=@p0;
    @p0 = 32772 [Type: Int32 (0)]
NHibernate: 
    SELECT
        categories0_.DinosaurId as DinosaurId1_,
        categories0_.CategoryId as CategoryId1_,
        categories0_.id as id1_,
        category1_.CategoryId as CategoryId3_0_,
        category1_.Name as Name3_0_ 
    FROM
        DinosaurCategories categories0_ 
    left outer join
        Categories category1_ 
            on categories0_.CategoryId=category1_.CategoryId 
    WHERE
        categories0_.DinosaurId=@p0;
    @p0 = 32772 [Type: Int32 (0)]
NHibernate: 
    SELECT
        riders0_.DinosaurId as DinosaurId1_,
        riders0_.RiderId as RiderId1_,
        riders0_.RiderId as RiderId2_0_,
        riders0_.Name as Name2_0_ 
    FROM
        Riders riders0_ 
    WHERE
        riders0_.DinosaurId=@p0;
    @p0 = 32771 [Type: Int32 (0)]
NHibernate: 
    SELECT
        categories0_.DinosaurId as DinosaurId1_,
        categories0_.CategoryId as CategoryId1_,
        categories0_.id as id1_,
        category1_.CategoryId as CategoryId3_0_,
        category1_.Name as Name3_0_ 
    FROM
        DinosaurCategories categories0_ 
    left outer join
        Categories category1_ 
            on categories0_.CategoryId=category1_.CategoryId 
    WHERE
        categories0_.DinosaurId=@p0;
    @p0 = 32771 [Type: Int32 (0)]
NHibernate: 
    SELECT
        riders0_.DinosaurId as DinosaurId1_,
        riders0_.RiderId as RiderId1_,
        riders0_.RiderId as RiderId2_0_,
        riders0_.Name as Name2_0_ 
    FROM
        Riders riders0_ 
    WHERE
        riders0_.DinosaurId=@p0;
    @p0 = 32770 [Type: Int32 (0)]
NHibernate: 
    SELECT
        categories0_.DinosaurId as DinosaurId1_,
        categories0_.CategoryId as CategoryId1_,
        categories0_.id as id1_,
        category1_.CategoryId as CategoryId3_0_,
        category1_.Name as Name3_0_ 
    FROM
        DinosaurCategories categories0_ 
    left outer join
        Categories category1_ 
            on categories0_.CategoryId=category1_.CategoryId 
    WHERE
        categories0_.DinosaurId=@p0;
    @p0 = 32770 [Type: Int32 (0)]
NHibernate: 
    SELECT
        riders0_.DinosaurId as DinosaurId1_,
        riders0_.RiderId as RiderId1_,
        riders0_.RiderId as RiderId2_0_,
        riders0_.Name as Name2_0_ 
    FROM
        Riders riders0_ 
    WHERE
        riders0_.DinosaurId=@p0;
    @p0 = 32769 [Type: Int32 (0)]
NHibernate: 
    SELECT
        categories0_.DinosaurId as DinosaurId1_,
        categories0_.CategoryId as CategoryId1_,
        categories0_.id as id1_,
        category1_.CategoryId as CategoryId3_0_,
        category1_.Name as Name3_0_ 
    FROM
        DinosaurCategories categories0_ 
    left outer join
        Categories category1_ 
            on categories0_.CategoryId=category1_.CategoryId 
    WHERE
        categories0_.DinosaurId=@p0;
    @p0 = 32769 [Type: Int32 (0)]
NHibernate: 
    SELECT
        riders0_.DinosaurId as DinosaurId1_,
        riders0_.RiderId as RiderId1_,
        riders0_.RiderId as RiderId2_0_,
        riders0_.Name as Name2_0_ 
    FROM
        Riders riders0_ 
    WHERE
        riders0_.DinosaurId=@p0;
    @p0 = 32768 [Type: Int32 (0)]
NHibernate: 
    SELECT
        categories0_.DinosaurId as DinosaurId1_,
        categories0_.CategoryId as CategoryId1_,
        categories0_.id as id1_,
        category1_.CategoryId as CategoryId3_0_,
        category1_.Name as Name3_0_ 
    FROM
        DinosaurCategories categories0_ 
    left outer join
        Categories category1_ 
            on categories0_.CategoryId=category1_.CategoryId 
    WHERE
        categories0_.DinosaurId=@p0;
    @p0 = 32768 [Type: Int32 (0)]
NHibernate: 
    SELECT
        this_.DinosaurId as DinosaurId0_1_,
        this_.Name as Name0_1_,
        this_.FigImageUrl as FigImage3_0_1_,
        this_.BoxImageUrl as BoxImage4_0_1_,
        this_.ThumbImageUrl as ThumbIma5_0_1_,
        this_.Description as Descript6_0_1_,
        categories3_.DinosaurId as DinosaurId,
        category1_.CategoryId as CategoryId,
        categories3_.id as id,
        category1_.CategoryId as CategoryId3_0_,
        category1_.Name as Name3_0_ 
    FROM
        Dinosaurs this_ 
    inner join
        DinosaurCategories categories3_ 
            on this_.DinosaurId=categories3_.DinosaurId 
    inner join
        Categories category1_ 
            on categories3_.CategoryId=category1_.CategoryId 
    WHERE
        category1_.CategoryId = @p0;
    @p0 = 'VAL' [Type: String (4000)]
NHibernate: 
    SELECT
        riders0_.DinosaurId as DinosaurId1_,
        riders0_.RiderId as RiderId1_,
        riders0_.RiderId as RiderId2_0_,
        riders0_.Name as Name2_0_ 
    FROM
        Riders riders0_ 
    WHERE
        riders0_.DinosaurId=@p0;
    @p0 = 32796 [Type: Int32 (0)]
NHibernate: 
    SELECT
        categories0_.DinosaurId as DinosaurId1_,
        categories0_.CategoryId as CategoryId1_,
        categories0_.id as id1_,
        category1_.CategoryId as CategoryId3_0_,
        category1_.Name as Name3_0_ 
    FROM
        DinosaurCategories categories0_ 
    left outer join
        Categories category1_ 
            on categories0_.CategoryId=category1_.CategoryId 
    WHERE
        categories0_.DinosaurId=@p0;
    @p0 = 32796 [Type: Int32 (0)]
NHibernate: 
    SELECT
        riders0_.DinosaurId as DinosaurId1_,
        riders0_.RiderId as RiderId1_,
        riders0_.RiderId as RiderId2_0_,
        riders0_.Name as Name2_0_ 
    FROM
        Riders riders0_ 
    WHERE
        riders0_.DinosaurId=@p0;
    @p0 = 32795 [Type: Int32 (0)]
NHibernate: 
    SELECT
        categories0_.DinosaurId as DinosaurId1_,
        categories0_.CategoryId as CategoryId1_,
        categories0_.id as id1_,
        category1_.CategoryId as CategoryId3_0_,
        category1_.Name as Name3_0_ 
    FROM
        DinosaurCategories categories0_ 
    left outer join
        Categories category1_ 
            on categories0_.CategoryId=category1_.CategoryId 
    WHERE
        categories0_.DinosaurId=@p0;
    @p0 = 32795 [Type: Int32 (0)]
NHibernate: 
    SELECT
        riders0_.DinosaurId as DinosaurId1_,
        riders0_.RiderId as RiderId1_,
        riders0_.RiderId as RiderId2_0_,
        riders0_.Name as Name2_0_ 
    FROM
        Riders riders0_ 
    WHERE
        riders0_.DinosaurId=@p0;
    @p0 = 32794 [Type: Int32 (0)]
NHibernate: 
    SELECT
        categories0_.DinosaurId as DinosaurId1_,
        categories0_.CategoryId as CategoryId1_,
        categories0_.id as id1_,
        category1_.CategoryId as CategoryId3_0_,
        category1_.Name as Name3_0_ 
    FROM
        DinosaurCategories categories0_ 
    left outer join
        Categories category1_ 
            on categories0_.CategoryId=category1_.CategoryId 
    WHERE
        categories0_.DinosaurId=@p0;
    @p0 = 32794 [Type: Int32 (0)]
NHibernate: 
    SELECT
        riders0_.DinosaurId as DinosaurId1_,
        riders0_.RiderId as RiderId1_,
        riders0_.RiderId as RiderId2_0_,
        riders0_.Name as Name2_0_ 
    FROM
        Riders riders0_ 
    WHERE
        riders0_.DinosaurId=@p0;
    @p0 = 32793 [Type: Int32 (0)]
NHibernate: 
    SELECT
        categories0_.DinosaurId as DinosaurId1_,
        categories0_.CategoryId as CategoryId1_,
        categories0_.id as id1_,
        category1_.CategoryId as CategoryId3_0_,
        category1_.Name as Name3_0_ 
    FROM
        DinosaurCategories categories0_ 
    left outer join
        Categories category1_ 
            on categories0_.CategoryId=category1_.CategoryId 
    WHERE
        categories0_.DinosaurId=@p0;
    @p0 = 32793 [Type: Int32 (0)]
NHibernate: 
    SELECT
        riders0_.DinosaurId as DinosaurId1_,
        riders0_.RiderId as RiderId1_,
        riders0_.RiderId as RiderId2_0_,
        riders0_.Name as Name2_0_ 
    FROM
        Riders riders0_ 
    WHERE
        riders0_.DinosaurId=@p0;
    @p0 = 32791 [Type: Int32 (0)]
NHibernate: 
    SELECT
        categories0_.DinosaurId as DinosaurId1_,
        categories0_.CategoryId as CategoryId1_,
        categories0_.id as id1_,
        category1_.CategoryId as CategoryId3_0_,
        category1_.Name as Name3_0_ 
    FROM
        DinosaurCategories categories0_ 
    left outer join
        Categories category1_ 
            on categories0_.CategoryId=category1_.CategoryId 
    WHERE
        categories0_.DinosaurId=@p0;
    @p0 = 32791 [Type: Int32 (0)]
NHibernate: 
    SELECT
        riders0_.DinosaurId as DinosaurId1_,
        riders0_.RiderId as RiderId1_,
        riders0_.RiderId as RiderId2_0_,
        riders0_.Name as Name2_0_ 
    FROM
        Riders riders0_ 
    WHERE
        riders0_.DinosaurId=@p0;
    @p0 = 32790 [Type: Int32 (0)]
NHibernate: 
    SELECT
        categories0_.DinosaurId as DinosaurId1_,
        categories0_.CategoryId as CategoryId1_,
        categories0_.id as id1_,
        category1_.CategoryId as CategoryId3_0_,
        category1_.Name as Name3_0_ 
    FROM
        DinosaurCategories categories0_ 
    left outer join
        Categories category1_ 
            on categories0_.CategoryId=category1_.CategoryId 
    WHERE
        categories0_.DinosaurId=@p0;
    @p0 = 32790 [Type: Int32 (0)]
NHibernate: 
    SELECT
        riders0_.DinosaurId as DinosaurId1_,
        riders0_.RiderId as RiderId1_,
        riders0_.RiderId as RiderId2_0_,
        riders0_.Name as Name2_0_ 
    FROM
        Riders riders0_ 
    WHERE
        riders0_.DinosaurId=@p0;
    @p0 = 32786 [Type: Int32 (0)]
NHibernate: 
    SELECT
        categories0_.DinosaurId as DinosaurId1_,
        categories0_.CategoryId as CategoryId1_,
        categories0_.id as id1_,
        category1_.CategoryId as CategoryId3_0_,
        category1_.Name as Name3_0_ 
    FROM
        DinosaurCategories categories0_ 
    left outer join
        Categories category1_ 
            on categories0_.CategoryId=category1_.CategoryId 
    WHERE
        categories0_.DinosaurId=@p0;
    @p0 = 32786 [Type: Int32 (0)]
NHibernate: 
    SELECT
        riders0_.DinosaurId as DinosaurId1_,
        riders0_.RiderId as RiderId1_,
        riders0_.RiderId as RiderId2_0_,
        riders0_.Name as Name2_0_ 
    FROM
        Riders riders0_ 
    WHERE
        riders0_.DinosaurId=@p0;
    @p0 = 32785 [Type: Int32 (0)]
NHibernate: 
    SELECT
        categories0_.DinosaurId as DinosaurId1_,
        categories0_.CategoryId as CategoryId1_,
        categories0_.id as id1_,
        category1_.CategoryId as CategoryId3_0_,
        category1_.Name as Name3_0_ 
    FROM
        DinosaurCategories categories0_ 
    left outer join
        Categories category1_ 
            on categories0_.CategoryId=category1_.CategoryId 
    WHERE
        categories0_.DinosaurId=@p0;
    @p0 = 32785 [Type: Int32 (0)]
NHibernate: 
    SELECT
        riders0_.DinosaurId as DinosaurId1_,
        riders0_.RiderId as RiderId1_,
        riders0_.RiderId as RiderId2_0_,
        riders0_.Name as Name2_0_ 
    FROM
        Riders riders0_ 
    WHERE
        riders0_.DinosaurId=@p0;
    @p0 = 32784 [Type: Int32 (0)]
NHibernate: 
    SELECT
        categories0_.DinosaurId as DinosaurId1_,
        categories0_.CategoryId as CategoryId1_,
        categories0_.id as id1_,
        category1_.CategoryId as CategoryId3_0_,
        category1_.Name as Name3_0_ 
    FROM
        DinosaurCategories categories0_ 
    left outer join
        Categories category1_ 
            on categories0_.CategoryId=category1_.CategoryId 
    WHERE
        categories0_.DinosaurId=@p0;
    @p0 = 32784 [Type: Int32 (0)]
NHibernate: 
    SELECT
        riders0_.DinosaurId as DinosaurId1_,
        riders0_.RiderId as RiderId1_,
        riders0_.RiderId as RiderId2_0_,
        riders0_.Name as Name2_0_ 
    FROM
        Riders riders0_ 
    WHERE
        riders0_.DinosaurId=@p0;
    @p0 = 32783 [Type: Int32 (0)]
NHibernate: 
    SELECT
        categories0_.DinosaurId as DinosaurId1_,
        categories0_.CategoryId as CategoryId1_,
        categories0_.id as id1_,
        category1_.CategoryId as CategoryId3_0_,
        category1_.Name as Name3_0_ 
    FROM
        DinosaurCategories categories0_ 
    left outer join
        Categories category1_ 
            on categories0_.CategoryId=category1_.CategoryId 
    WHERE
        categories0_.DinosaurId=@p0;
    @p0 = 32783 [Type: Int32 (0)]
NHibernate: 
    SELECT
        riders0_.DinosaurId as DinosaurId1_,
        riders0_.RiderId as RiderId1_,
        riders0_.RiderId as RiderId2_0_,
        riders0_.Name as Name2_0_ 
    FROM
        Riders riders0_ 
    WHERE
        riders0_.DinosaurId=@p0;
    @p0 = 32782 [Type: Int32 (0)]
NHibernate: 
    SELECT
        categories0_.DinosaurId as DinosaurId1_,
        categories0_.CategoryId as CategoryId1_,
        categories0_.id as id1_,
        category1_.CategoryId as CategoryId3_0_,
        category1_.Name as Name3_0_ 
    FROM
        DinosaurCategories categories0_ 
    left outer join
        Categories category1_ 
            on categories0_.CategoryId=category1_.CategoryId 
    WHERE
        categories0_.DinosaurId=@p0;
    @p0 = 32782 [Type: Int32 (0)]
NHibernate: 
    SELECT
        riders0_.DinosaurId as DinosaurId1_,
        riders0_.RiderId as RiderId1_,
        riders0_.RiderId as RiderId2_0_,
        riders0_.Name as Name2_0_ 
    FROM
        Riders riders0_ 
    WHERE
        riders0_.DinosaurId=@p0;
    @p0 = 32781 [Type: Int32 (0)]
NHibernate: 
    SELECT
        categories0_.DinosaurId as DinosaurId1_,
        categories0_.CategoryId as CategoryId1_,
        categories0_.id as id1_,
        category1_.CategoryId as CategoryId3_0_,
        category1_.Name as Name3_0_ 
    FROM
        DinosaurCategories categories0_ 
    left outer join
        Categories category1_ 
            on categories0_.CategoryId=category1_.CategoryId 
    WHERE
        categories0_.DinosaurId=@p0;
    @p0 = 32781 [Type: Int32 (0)]
NHibernate: 
    SELECT
        riders0_.DinosaurId as DinosaurId1_,
        riders0_.RiderId as RiderId1_,
        riders0_.RiderId as RiderId2_0_,
        riders0_.Name as Name2_0_ 
    FROM
        Riders riders0_ 
    WHERE
        riders0_.DinosaurId=@p0;
    @p0 = 32780 [Type: Int32 (0)]
NHibernate: 
    SELECT
        categories0_.DinosaurId as DinosaurId1_,
        categories0_.CategoryId as CategoryId1_,
        categories0_.id as id1_,
        category1_.CategoryId as CategoryId3_0_,
        category1_.Name as Name3_0_ 
    FROM
        DinosaurCategories categories0_ 
    left outer join
        Categories category1_ 
            on categories0_.CategoryId=category1_.CategoryId 
    WHERE
        categories0_.DinosaurId=@p0;
    @p0 = 32780 [Type: Int32 (0)]</StdOut>
      </Output>
    </UnitTestResult>
    <UnitTestResult executionId="b7c56d63-b1ab-43e0-8f33-5074abbc05bd" testId="995fe0b6-05b2-aa83-d7e5-f1ea85a37a7b" testName="Should_be_able_to_delete_a_dinosaur" computerName="WOMBAT" duration="00:00:00.0061615" startTime="2011-09-24T19:37:58.4182989-04:00" endTime="2011-09-24T19:37:58.4182989-04:00" testType="13cdc9d9-ddb5-4fa4-a97d-d965ccfc6d4b" outcome="Passed" testListId="8c84fa94-04c1-424b-9868-57a2d4851a1d" relativeResultsDirectory="b7c56d63-b1ab-43e0-8f33-5074abbc05bd">
      <Output>
        <StdOut>NHibernate: 
    SELECT
        dinosaur0_.DinosaurId as DinosaurId0_0_,
        dinosaur0_.Name as Name0_0_,
        dinosaur0_.FigImageUrl as FigImage3_0_0_,
        dinosaur0_.BoxImageUrl as BoxImage4_0_0_,
        dinosaur0_.ThumbImageUrl as ThumbIma5_0_0_,
        dinosaur0_.Description as Descript6_0_0_ 
    FROM
        Dinosaurs dinosaur0_ 
    WHERE
        dinosaur0_.DinosaurId=@p0;
    @p0 = 131073 [Type: Int32 (0)]</StdOut>
      </Output>
    </UnitTestResult>
    <UnitTestResult executionId="112c5739-990f-4a21-a8a2-5b3887b6e8cc" testId="afabcb96-071e-e508-0453-f1a6f86d79d0" testName="Should_be_able_to_change_a_dinosaur" computerName="WOMBAT" duration="00:00:00.0197198" startTime="2011-09-24T19:37:58.4338990-04:00" endTime="2011-09-24T19:37:58.4494990-04:00" testType="13cdc9d9-ddb5-4fa4-a97d-d965ccfc6d4b" outcome="Passed" testListId="8c84fa94-04c1-424b-9868-57a2d4851a1d" relativeResultsDirectory="112c5739-990f-4a21-a8a2-5b3887b6e8cc">
      <Output>
        <StdOut>NHibernate: 
    SELECT
        this_.DinosaurId as DinosaurId0_0_,
        this_.Name as Name0_0_,
        this_.FigImageUrl as FigImage3_0_0_,
        this_.BoxImageUrl as BoxImage4_0_0_,
        this_.ThumbImageUrl as ThumbIma5_0_0_,
        this_.Description as Descript6_0_0_ 
    FROM
        Dinosaurs this_ 
    WHERE
        this_.Name = @p0;
    @p0 = 'TestDinosaur' [Type: String (4000)]</StdOut>
      </Output>
    </UnitTestResult>
  </Results>
</TestRun>