<?xml version="1.0" encoding="UTF-8"?>
<TestRun id="4434058e-ad4c-4516-a5c3-5c3c770686c7" name="Bob@WOMBAT 2011-09-25 07:59:48" runUser="Wombat\Bob" xmlns="http://microsoft.com/schemas/VisualStudio/TeamTest/2010">
  <TestSettings name="Local" id="3832839d-5ba1-4dfb-ac58-71c3202ca258">
    <Description>These are default test settings for a local test run.</Description>
    <Deployment enabled="false" runDeploymentRoot="Bob_WOMBAT 2011-09-25 07_59_48">
      <DeploymentItem filename="C:\TFS\Libraries\NHibernate\Iesi.Collections.dll" />
      <DeploymentItem filename="C:\TFS\Projects\Sandbox\DinosaursWithLasers\DinosaursWithLasers.Repository\bin\Debug\DinosaursWithLasers.Repository.dll" />
      <DeploymentItem filename="C:\TFS\Projects\Sandbox\DinosaursWithLasers\DinosaursWithLasers.Persistence\bin\Debug\DinosaursWithLasers.Persistence.dll" />
      <DeploymentItem filename="C:\TFS\Projects\Sandbox\DinosaursWithLasers\DinosaursWithLasers.Model\bin\Debug\DinosaursWithLasers.Model.dll" />
      <DeploymentItem filename="C:\TFS\Libraries\NHibernate\NHibernate.dll" />
      <DeploymentItem filename="C:\TFS\Projects\Sandbox\DinosaursWithLasers\DinosaursWithLasers.Utilities\bin\Debug\DinosaursWithLasers.Utilities.dll" />
    </Deployment>
    <Execution>
      <TestTypeSpecific />
      <AgentRule name="Execution Agents">
      </AgentRule>
    </Execution>
  </TestSettings>
  <Times creation="2011-09-25T07:59:48.7580375-04:00" queuing="2011-09-25T07:59:51.7196426-04:00" start="2011-09-25T07:59:51.7996428-04:00" finish="2011-09-25T07:59:54.2712464-04:00" />
  <ResultSummary outcome="Failed">
    <Counters total="5" executed="5" passed="4" error="0" failed="1" timeout="0" aborted="0" inconclusive="0" passedButRunAborted="0" notRunnable="0" notExecuted="0" disconnected="0" warning="0" completed="0" inProgress="0" pending="0" />
  </ResultSummary>
  <TestDefinitions>
    <UnitTest name="Should_be_able_to_change_a_dinosaur" storage="c:\tfs\projects\sandbox\dinosaurswithlasers\dinosaurswithlasers.tests.persistence\bin\debug\dinosaurswithlasers.tests.persistence.dll" id="afabcb96-071e-e508-0453-f1a6f86d79d0">
      <Execution id="5bb157cb-c9a5-46b3-b1de-3915f75e1a26" />
      <TestMethod codeBase="C:/TFS/Projects/Sandbox/DinosaursWithLasers/DinosaursWithLasers.Tests.Persistence/bin/Debug/DinosaursWithLasers.Tests.Persistence.DLL" adapterTypeName="Microsoft.VisualStudio.TestTools.TestTypes.Unit.UnitTestAdapter, Microsoft.VisualStudio.QualityTools.Tips.UnitTest.Adapter, Version=10.0.0.0, Culture=neutral, PublicKeyToken=b03f5f7f11d50a3a" className="DinosaursWithLasers.Tests.Persistence.When_Persisting_Dinosaurs, DinosaursWithLasers.Tests.Persistence, Version=1.0.0.0, Culture=neutral, PublicKeyToken=null" name="Should_be_able_to_change_a_dinosaur" />
    </UnitTest>
    <UnitTest name="Should_be_able_to_delete_a_dinosaur" storage="c:\tfs\projects\sandbox\dinosaurswithlasers\dinosaurswithlasers.tests.persistence\bin\debug\dinosaurswithlasers.tests.persistence.dll" id="995fe0b6-05b2-aa83-d7e5-f1ea85a37a7b">
      <Execution id="6f1bf78e-189f-4fb6-bbb8-00c4847aca3a" />
      <TestMethod codeBase="C:/TFS/Projects/Sandbox/DinosaursWithLasers/DinosaursWithLasers.Tests.Persistence/bin/Debug/DinosaursWithLasers.Tests.Persistence.DLL" adapterTypeName="Microsoft.VisualStudio.TestTools.TestTypes.Unit.UnitTestAdapter, Microsoft.VisualStudio.QualityTools.Tips.UnitTest.Adapter, Version=10.0.0.0, Culture=neutral, PublicKeyToken=b03f5f7f11d50a3a" className="DinosaursWithLasers.Tests.Persistence.When_Persisting_Dinosaurs, DinosaursWithLasers.Tests.Persistence, Version=1.0.0.0, Culture=neutral, PublicKeyToken=null" name="Should_be_able_to_delete_a_dinosaur" />
    </UnitTest>
    <UnitTest name="Should_be_able_to_create_a_dinosaur" storage="c:\tfs\projects\sandbox\dinosaurswithlasers\dinosaurswithlasers.tests.persistence\bin\debug\dinosaurswithlasers.tests.persistence.dll" id="1b04369b-9623-111b-6a46-dac1ab823a02">
      <Execution id="9500f24d-0dfa-4abd-8963-c5b3a96b7b89" />
      <TestMethod codeBase="C:/TFS/Projects/Sandbox/DinosaursWithLasers/DinosaursWithLasers.Tests.Persistence/bin/Debug/DinosaursWithLasers.Tests.Persistence.DLL" adapterTypeName="Microsoft.VisualStudio.TestTools.TestTypes.Unit.UnitTestAdapter, Microsoft.VisualStudio.QualityTools.Tips.UnitTest.Adapter, Version=10.0.0.0, Culture=neutral, PublicKeyToken=b03f5f7f11d50a3a" className="DinosaursWithLasers.Tests.Persistence.When_Persisting_Dinosaurs, DinosaursWithLasers.Tests.Persistence, Version=1.0.0.0, Culture=neutral, PublicKeyToken=null" name="Should_be_able_to_create_a_dinosaur" />
    </UnitTest>
    <UnitTest name="Should_be_able_to_get_dinosaur_riders" storage="c:\tfs\projects\sandbox\dinosaurswithlasers\dinosaurswithlasers.tests.persistence\bin\debug\dinosaurswithlasers.tests.persistence.dll" id="60573037-4e64-a814-64ce-c6f00361d7c4">
      <Execution id="e752b57d-dfae-4f9b-a713-921d0599d0ef" />
      <TestMethod codeBase="C:/TFS/Projects/Sandbox/DinosaursWithLasers/DinosaursWithLasers.Tests.Persistence/bin/Debug/DinosaursWithLasers.Tests.Persistence.DLL" adapterTypeName="Microsoft.VisualStudio.TestTools.TestTypes.Unit.UnitTestAdapter, Microsoft.VisualStudio.QualityTools.Tips.UnitTest.Adapter, Version=10.0.0.0, Culture=neutral, PublicKeyToken=b03f5f7f11d50a3a" className="DinosaursWithLasers.Tests.Persistence.When_Persisting_Dinosaurs, DinosaursWithLasers.Tests.Persistence, Version=1.0.0.0, Culture=neutral, PublicKeyToken=null" name="Should_be_able_to_get_dinosaur_riders" />
    </UnitTest>
    <UnitTest name="Should_be_able_to_get_a_list_of_dinosaurs" storage="c:\tfs\projects\sandbox\dinosaurswithlasers\dinosaurswithlasers.tests.persistence\bin\debug\dinosaurswithlasers.tests.persistence.dll" id="92bda79d-7ef4-f07d-0f98-b87b9bb46a04">
      <Execution id="9e0d68e6-e16a-4696-8576-55a0addfa306" />
      <TestMethod codeBase="C:/TFS/Projects/Sandbox/DinosaursWithLasers/DinosaursWithLasers.Tests.Persistence/bin/Debug/DinosaursWithLasers.Tests.Persistence.DLL" adapterTypeName="Microsoft.VisualStudio.TestTools.TestTypes.Unit.UnitTestAdapter, Microsoft.VisualStudio.QualityTools.Tips.UnitTest.Adapter, Version=10.0.0.0, Culture=neutral, PublicKeyToken=b03f5f7f11d50a3a" className="DinosaursWithLasers.Tests.Persistence.When_Persisting_Dinosaurs, DinosaursWithLasers.Tests.Persistence, Version=1.0.0.0, Culture=neutral, PublicKeyToken=null" name="Should_be_able_to_get_a_list_of_dinosaurs" />
    </UnitTest>
  </TestDefinitions>
  <TestLists>
    <TestList name="Results Not in a List" id="8c84fa94-04c1-424b-9868-57a2d4851a1d" />
    <TestList name="All Loaded Results" id="19431567-8539-422a-85d7-44ee4e166bda" />
  </TestLists>
  <TestEntries>
    <TestEntry testId="1b04369b-9623-111b-6a46-dac1ab823a02" executionId="9500f24d-0dfa-4abd-8963-c5b3a96b7b89" testListId="8c84fa94-04c1-424b-9868-57a2d4851a1d" />
    <TestEntry testId="60573037-4e64-a814-64ce-c6f00361d7c4" executionId="e752b57d-dfae-4f9b-a713-921d0599d0ef" testListId="8c84fa94-04c1-424b-9868-57a2d4851a1d" />
    <TestEntry testId="92bda79d-7ef4-f07d-0f98-b87b9bb46a04" executionId="9e0d68e6-e16a-4696-8576-55a0addfa306" testListId="8c84fa94-04c1-424b-9868-57a2d4851a1d" />
    <TestEntry testId="995fe0b6-05b2-aa83-d7e5-f1ea85a37a7b" executionId="6f1bf78e-189f-4fb6-bbb8-00c4847aca3a" testListId="8c84fa94-04c1-424b-9868-57a2d4851a1d" />
    <TestEntry testId="afabcb96-071e-e508-0453-f1a6f86d79d0" executionId="5bb157cb-c9a5-46b3-b1de-3915f75e1a26" testListId="8c84fa94-04c1-424b-9868-57a2d4851a1d" />
  </TestEntries>
  <Results>
    <UnitTestResult executionId="9500f24d-0dfa-4abd-8963-c5b3a96b7b89" testId="1b04369b-9623-111b-6a46-dac1ab823a02" testName="Should_be_able_to_create_a_dinosaur" computerName="WOMBAT" duration="00:00:01.8597395" startTime="2011-09-25T07:59:51.8096428-04:00" endTime="2011-09-25T07:59:53.9904459-04:00" testType="13cdc9d9-ddb5-4fa4-a97d-d965ccfc6d4b" outcome="Passed" testListId="8c84fa94-04c1-424b-9868-57a2d4851a1d" relativeResultsDirectory="9500f24d-0dfa-4abd-8963-c5b3a96b7b89">
    </UnitTestResult>
    <UnitTestResult executionId="e752b57d-dfae-4f9b-a713-921d0599d0ef" testId="60573037-4e64-a814-64ce-c6f00361d7c4" testName="Should_be_able_to_get_dinosaur_riders" computerName="WOMBAT" duration="00:00:00.0460322" startTime="2011-09-25T07:59:53.9904459-04:00" endTime="2011-09-25T07:59:54.0372460-04:00" testType="13cdc9d9-ddb5-4fa4-a97d-d965ccfc6d4b" outcome="Passed" testListId="8c84fa94-04c1-424b-9868-57a2d4851a1d" relativeResultsDirectory="e752b57d-dfae-4f9b-a713-921d0599d0ef">
    </UnitTestResult>
    <UnitTestResult executionId="9e0d68e6-e16a-4696-8576-55a0addfa306" testId="92bda79d-7ef4-f07d-0f98-b87b9bb46a04" testName="Should_be_able_to_get_a_list_of_dinosaurs" computerName="WOMBAT" duration="00:00:00.0957903" startTime="2011-09-25T07:59:54.0372460-04:00" endTime="2011-09-25T07:59:54.1464462-04:00" testType="13cdc9d9-ddb5-4fa4-a97d-d965ccfc6d4b" outcome="Failed" testListId="8c84fa94-04c1-424b-9868-57a2d4851a1d" relativeResultsDirectory="9e0d68e6-e16a-4696-8576-55a0addfa306">
      <Output>
        <ErrorInfo>
          <Message>Assert.AreEqual failed. Expected:&lt;13&gt;. Actual:&lt;12&gt;. </Message>
          <StackTrace>   at DinosaursWithLasers.Tests.Persistence.When_Persisting_Dinosaurs.Should_be_able_to_get_a_list_of_dinosaurs() in C:\TFS\Projects\Sandbox\DinosaursWithLasers\DinosaursWithLasers.Tests.Persistence\DinosaurPersistenceTests.cs:line 39
</StackTrace>
        </ErrorInfo>
      </Output>
    </UnitTestResult>
    <UnitTestResult executionId="6f1bf78e-189f-4fb6-bbb8-00c4847aca3a" testId="995fe0b6-05b2-aa83-d7e5-f1ea85a37a7b" testName="Should_be_able_to_delete_a_dinosaur" computerName="WOMBAT" duration="00:00:00.0146772" startTime="2011-09-25T07:59:54.1464462-04:00" endTime="2011-09-25T07:59:54.1620462-04:00" testType="13cdc9d9-ddb5-4fa4-a97d-d965ccfc6d4b" outcome="Passed" testListId="8c84fa94-04c1-424b-9868-57a2d4851a1d" relativeResultsDirectory="6f1bf78e-189f-4fb6-bbb8-00c4847aca3a">
    </UnitTestResult>
    <UnitTestResult executionId="5bb157cb-c9a5-46b3-b1de-3915f75e1a26" testId="afabcb96-071e-e508-0453-f1a6f86d79d0" testName="Should_be_able_to_change_a_dinosaur" computerName="WOMBAT" duration="00:00:00.0212150" startTime="2011-09-25T07:59:54.1620462-04:00" endTime="2011-09-25T07:59:54.1932463-04:00" testType="13cdc9d9-ddb5-4fa4-a97d-d965ccfc6d4b" outcome="Passed" testListId="8c84fa94-04c1-424b-9868-57a2d4851a1d" relativeResultsDirectory="5bb157cb-c9a5-46b3-b1de-3915f75e1a26">
    </UnitTestResult>
  </Results>
</TestRun>